    Fetching advisory database from `https://github.com/RustSec/advisory-db.git`
      Loaded 1242 security advisories (from C:\Users\TeRiRi\.cargo\advisory-db)
    Updating crates.io index
    Scanning Cargo.lock for vulnerabilities (361 crate dependencies)
Crate:     rsa
Version:   0.9.10
Title:     Marvin Attack: potential key recovery through timing sidechannels
Date:      2023-11-22
ID:        RUSTSEC-2023-0071
URL:       https://rustsec.org/advisories/RUSTSEC-2023-0071
Severity:  5.9 (medium)
Solution:  No fixed upgrade is available!

Crate:     proc-macro-error2
Version:   2.0.1
Warning:   unmaintained
Title:     proc-macro-error2 is unmaintained
Date:      2026-06-07
ID:        RUSTSEC-2026-0173
URL:       https://rustsec.org/advisories/RUSTSEC-2026-0173

error: 1 vulnerability found!
warning: 1 allowed warning found
