    Checking typenum v1.20.1
    Checking zeroize v1.9.0
    Checking subtle v2.6.1
    Checking rand_core v0.10.1
    Checking const-oid v0.9.6
    Checking cmov v0.5.4
    Checking const-oid v0.10.2
    Checking base64ct v1.8.3
    Checking base16ct v0.2.0
    Checking keccak v0.2.2
    Checking serde_core v1.0.229
    Checking num-traits v0.2.19
    Checking getrandom v0.4.3
    Checking sponge-cursor v0.1.0
    Checking hax-lib v0.3.7
    Checking rand v0.10.2
    Checking cpufeatures v0.3.1
    Checking crossbeam-utils v0.8.23
    Checking generic-array v0.14.7
    Checking ctutils v0.4.2
    Checking ff v0.13.1
    Checking libcrux-secrets v0.0.6
    Checking libc v0.2.189
    Checking pem-rfc7468 v0.7.0
    Checking curve25519-dalek v5.0.0
    Checking libcrux-intrinsics v0.0.8
    Checking libcrux-platform v0.0.3
    Checking group v0.13.0
    Checking der v0.7.10
    Checking hybrid-array v0.4.14
    Checking thiserror v2.0.20
    Checking memchr v2.8.3
    Checking rand_chacha v0.10.0
    Checking crossbeam-epoch v0.9.21
    Checking either v1.18.0
    Checking hpke-rs-crypto v0.7.0
    Checking libcrux-traits v0.0.8
   Compiling openmls_serialization_helpers v0.1.0
    Checking rand_chacha v0.3.1
    Checking crypto-common v0.1.7
    Checking block-buffer v0.10.4
    Checking crypto-bigint v0.5.5
    Checking inout v0.1.4
    Checking x25519-dalek v3.0.0
    Checking digest v0.10.7
    Checking universal-hash v0.5.1
    Checking aead v0.5.2
    Checking cipher v0.4.4
    Checking crossbeam-deque v0.8.8
    Checking libcrux-sha3 v0.0.10
    Checking polyval v0.6.2
    Checking poly1305 v0.8.0
    Checking hmac v0.12.1
    Checking signature v2.2.0
    Checking sha2 v0.10.9
    Checking curve25519-dalek v4.1.3
    Checking ghash v0.5.1
    Checking hkdf v0.12.4
    Checking rfc6979 v0.4.0
    Checking spki v0.7.3
    Checking crypto-common v0.2.2
    Checking block-buffer v0.12.1
    Checking module-lattice v0.2.3
    Checking ed25519 v2.2.3
    Checking ctr v0.9.2
    Checking aes v0.8.4
    Checking pkcs8 v0.10.2
    Checking chacha20 v0.9.1
    Checking rayon-core v1.13.0
    Checking sec1 v0.7.3
    Checking serde v1.0.229
    Checking serde_bytes v0.11.19
    Checking serde_json v1.0.151
    Checking der v0.8.2
    Checking chacha20poly1305 v0.10.1
    Checking aes-gcm v0.10.3
    Checking x25519-dalek v2.0.1
    Checking ed25519-dalek v2.2.0
    Checking elliptic-curve v0.13.8
    Checking rayon v1.12.0
    Checking digest v0.11.3
    Checking kem v0.3.0
    Checking tls_codec v0.5.0
    Checking shake v0.1.0
    Checking sha3 v0.11.0
    Checking sha3 v0.12.0
    Checking signature v3.0.0
    Checking hmac v0.13.0
    Checking sha2 v0.11.0
    Checking ecdsa v0.16.9
    Checking primeorder v0.13.6
    Checking k256 v0.13.4
    Checking hkdf v0.13.0
    Checking p256 v0.13.2
    Checking p384 v0.13.1
    Checking ml-kem v0.3.2
    Checking spki v0.8.0
    Checking openmls_traits v0.6.0
    Checking hpke-rs v0.7.0
    Checking pkcs8 v0.11.0
    Checking ml-dsa v0.1.1
    Checking openmls_memory_storage v0.6.0
    Checking x-wing v0.1.0
    Checking openmls v0.9.0
    Checking hpke-rs-rust-crypto v0.7.0
    Checking openmls_rust_crypto v0.6.0
    Checking openmls_basic_credential v0.6.0
    Checking tericrypt v0.1.0 (C:\Users\TeRiRi\Documents\GitHub\UnknownChat-mls-foundation\crates\tericrypt)
error: item in documentation is missing backticks
   --> crates\tericrypt\src\mls.rs:236:69
    |
236 |     /// Encrypt application plaintext as an MLS message, never as a PoC envelope.
    |                                                                     ^^^
    |
    = help: for further information visit https://rust-lang.github.io/rust-clippy/rust-1.97.0/index.html#doc_markdown
    = note: `-D clippy::doc-markdown` implied by `-D warnings`
    = help: to override `-D warnings` add `#[allow(clippy::doc_markdown)]`
help: try
    |
236 -     /// Encrypt application plaintext as an MLS message, never as a PoC envelope.
236 +     /// Encrypt application plaintext as an MLS message, never as a `PoC` envelope.
    |

error: this could be rewritten as `let...else`
   --> crates\tericrypt\src\mls.rs:265:9
    |
265 | /         let processed = match self
266 | |             .group
267 | |             .process_message(&self.installation.provider, message)
...   |
281 | |         };
    | |__________^
    |
    = help: for further information visit https://rust-lang.github.io/rust-clippy/rust-1.97.0/index.html#manual_let_else
    = note: `-D clippy::manual-let-else` implied by `-D warnings`
    = help: to override `-D warnings` add `#[allow(clippy::manual_let_else)]`
help: consider writing
    |
265 ~         let Ok(processed) = self
266 +             .group
267 +             .process_message(&self.installation.provider, message) else {
268 +                 // OpenMLS can mutate its live receive ratchet before AEAD failure,
269 +                 // without updating storage. Reconcile with the provider's latest
270 +                 // state, never an earlier snapshot. Successful stored generations
271 +                 // remain consumed; this is not a transaction or durable rollback.
272 +                 self.group =
273 +                     MlsGroup::load(self.installation.provider.storage(), self.group.group_id())
274 +                         .map_err(|_| MlsError::Operation)?
275 +                         .ok_or(MlsError::Operation)?;
276 +                 return Err(MlsError::Operation);
277 +             };
    |

error: you seem to be trying to use `match` for destructuring a single pattern. Consider using `if let`
   --> crates\tericrypt\src\mls.rs:265:25
    |
265 |           let processed = match self
    |  _________________________^
266 | |             .group
267 | |             .process_message(&self.installation.provider, message)
...   |
281 | |         };
    | |_________^
    |
    = help: for further information visit https://rust-lang.github.io/rust-clippy/rust-1.97.0/index.html#single_match_else
    = note: `-D clippy::single-match-else` implied by `-D warnings`
    = help: to override `-D warnings` add `#[allow(clippy::single_match_else)]`
help: try
    |
265 ~         let processed = if let Ok(processed) = self
266 +             .group
267 +             .process_message(&self.installation.provider, message) { processed } else {
268 +             // OpenMLS can mutate its live receive ratchet before AEAD failure,
269 +             // without updating storage. Reconcile with the provider's latest
270 +             // state, never an earlier snapshot. Successful stored generations
271 +             // remain consumed; this is not a transaction or durable rollback.
272 +             self.group =
273 +                 MlsGroup::load(self.installation.provider.storage(), self.group.group_id())
274 +                     .map_err(|_| MlsError::Operation)?
275 +                     .ok_or(MlsError::Operation)?;
276 +             return Err(MlsError::Operation);
277 ~         };
    |

error: could not compile `tericrypt` (lib) due to 3 previous errors
warning: build failed, waiting for other jobs to finish...
error: could not compile `tericrypt` (lib test) due to 3 previous errors
