tericrypt v0.1.0 (C:\Users\TeRiRi\Documents\GitHub\UnknownChat-mls-foundation\crates\tericrypt)
├── chacha20poly1305 v0.10.1
│   ├── aead v0.5.2
│   │   ├── crypto-common v0.1.7
│   │   │   ├── generic-array v0.14.7
│   │   │   │   ├── typenum v1.20.1
│   │   │   │   └── zeroize v1.9.0
│   │   │   │       └── zeroize_derive v1.5.0 (proc-macro)
│   │   │   │           ├── proc-macro2 v1.0.107
│   │   │   │           │   └── unicode-ident v1.0.24
│   │   │   │           ├── quote v1.0.47
│   │   │   │           │   └── proc-macro2 v1.0.107 (*)
│   │   │   │           └── syn v2.0.119
│   │   │   │               ├── proc-macro2 v1.0.107 (*)
│   │   │   │               ├── quote v1.0.47 (*)
│   │   │   │               └── unicode-ident v1.0.24
│   │   │   │   [build-dependencies]
│   │   │   │   └── version_check v0.9.5
│   │   │   ├── rand_core v0.6.4
│   │   │   │   └── getrandom v0.2.17
│   │   │   │       └── cfg-if v1.0.4
│   │   │   └── typenum v1.20.1
│   │   └── generic-array v0.14.7 (*)
│   ├── chacha20 v0.9.1
│   │   ├── cfg-if v1.0.4
│   │   ├── cipher v0.4.4
│   │   │   ├── crypto-common v0.1.7 (*)
│   │   │   ├── inout v0.1.4
│   │   │   │   └── generic-array v0.14.7 (*)
│   │   │   └── zeroize v1.9.0 (*)
│   │   └── cpufeatures v0.2.17
│   ├── cipher v0.4.4 (*)
│   ├── poly1305 v0.8.0
│   │   ├── cpufeatures v0.2.17
│   │   ├── opaque-debug v0.3.1
│   │   └── universal-hash v0.5.1
│   │       ├── crypto-common v0.1.7 (*)
│   │       └── subtle v2.6.1
│   └── zeroize v1.9.0 (*)
├── ed25519-dalek v2.2.0
│   ├── curve25519-dalek v4.1.3
│   │   ├── cfg-if v1.0.4
│   │   ├── cpufeatures v0.2.17
│   │   ├── curve25519-dalek-derive v0.1.1 (proc-macro)
│   │   │   ├── proc-macro2 v1.0.107 (*)
│   │   │   ├── quote v1.0.47 (*)
│   │   │   └── syn v2.0.119 (*)
│   │   ├── digest v0.10.7
│   │   │   ├── block-buffer v0.10.4
│   │   │   │   └── generic-array v0.14.7 (*)
│   │   │   ├── const-oid v0.9.6
│   │   │   ├── crypto-common v0.1.7 (*)
│   │   │   └── subtle v2.6.1
│   │   ├── subtle v2.6.1
│   │   └── zeroize v1.9.0 (*)
│   │   [build-dependencies]
│   │   └── rustc_version v0.4.1
│   │       └── semver v1.0.28
│   ├── ed25519 v2.2.3
│   │   └── signature v2.2.0
│   │       ├── digest v0.10.7 (*)
│   │       └── rand_core v0.6.4 (*)
│   ├── rand_core v0.6.4 (*)
│   ├── sha2 v0.10.9
│   │   ├── cfg-if v1.0.4
│   │   ├── cpufeatures v0.2.17
│   │   └── digest v0.10.7 (*)
│   ├── subtle v2.6.1
│   └── zeroize v1.9.0 (*)
├── hex v0.4.3
├── hkdf v0.12.4
│   └── hmac v0.12.1
│       └── digest v0.10.7 (*)
├── openmls v0.9.0
│   ├── log v0.4.34
│   ├── openmls_serialization_helpers v0.1.0 (proc-macro)
│   │   ├── proc-macro2 v1.0.107 (*)
│   │   ├── quote v1.0.47 (*)
│   │   ├── syn v2.0.119 (*)
│   │   └── thiserror v2.0.20
│   │       └── thiserror-impl v2.0.20 (proc-macro)
│   │           ├── proc-macro2 v1.0.107 (*)
│   │           ├── quote v1.0.47 (*)
│   │           └── syn v3.0.5
│   │               ├── proc-macro2 v1.0.107 (*)
│   │               ├── quote v1.0.47 (*)
│   │               └── unicode-ident v1.0.24
│   ├── openmls_traits v0.6.0
│   │   ├── serde v1.0.229
│   │   │   ├── serde_core v1.0.229
│   │   │   └── serde_derive v1.0.229 (proc-macro)
│   │   │       ├── proc-macro2 v1.0.107 (*)
│   │   │       ├── quote v1.0.47 (*)
│   │   │       └── syn v3.0.5 (*)
│   │   └── tls_codec v0.5.0
│   │       ├── serde v1.0.229 (*)
│   │       ├── serde_bytes v0.11.19
│   │       │   └── serde_core v1.0.229
│   │       ├── tls_codec_derive v0.5.0 (proc-macro)
│   │       │   ├── proc-macro2 v1.0.107 (*)
│   │       │   ├── quote v1.0.47 (*)
│   │       │   └── syn v2.0.119 (*)
│   │       └── zeroize v1.9.0 (*)
│   ├── rayon v1.12.0
│   │   ├── either v1.18.0
│   │   └── rayon-core v1.13.0
│   │       ├── crossbeam-deque v0.8.8
│   │       │   ├── crossbeam-epoch v0.9.21
│   │       │   │   └── crossbeam-utils v0.8.23
│   │       │   └── crossbeam-utils v0.8.23
│   │       └── crossbeam-utils v0.8.23
│   ├── serde v1.0.229 (*)
│   ├── serde_bytes v0.11.19 (*)
│   ├── thiserror v2.0.20 (*)
│   ├── tls_codec v0.5.0 (*)
│   └── zeroize v1.9.0 (*)
├── openmls_basic_credential v0.6.0
│   ├── ed25519-dalek v2.2.0 (*)
│   ├── ml-dsa v0.1.1
│   │   ├── const-oid v0.10.2
│   │   ├── crypto-common v0.2.2
│   │   │   ├── getrandom v0.4.3
│   │   │   │   ├── cfg-if v1.0.4
│   │   │   │   └── rand_core v0.10.1
│   │   │   ├── hybrid-array v0.4.14
│   │   │   │   ├── ctutils v0.4.2
│   │   │   │   │   └── cmov v0.5.4
│   │   │   │   └── typenum v1.20.1
│   │   │   └── rand_core v0.10.1
│   │   ├── ctutils v0.4.2 (*)
│   │   ├── hybrid-array v0.4.14 (*)
│   │   ├── module-lattice v0.2.3
│   │   │   ├── ctutils v0.4.2 (*)
│   │   │   ├── hybrid-array v0.4.14 (*)
│   │   │   └── num-traits v0.2.19
│   │   │       [build-dependencies]
│   │   │       └── autocfg v1.5.1
│   │   ├── pkcs8 v0.11.0
│   │   │   ├── der v0.8.2
│   │   │   │   ├── const-oid v0.10.2
│   │   │   │   └── zeroize v1.9.0 (*)
│   │   │   └── spki v0.8.0
│   │   │       └── der v0.8.2 (*)
│   │   ├── shake v0.1.0
│   │   │   ├── digest v0.11.3
│   │   │   │   ├── block-buffer v0.12.1
│   │   │   │   │   └── hybrid-array v0.4.14 (*)
│   │   │   │   ├── const-oid v0.10.2
│   │   │   │   ├── crypto-common v0.2.2 (*)
│   │   │   │   └── ctutils v0.4.2 (*)
│   │   │   ├── keccak v0.2.2
│   │   │   │   └── cfg-if v1.0.4
│   │   │   └── sponge-cursor v0.1.0
│   │   └── signature v3.0.0
│   │       ├── digest v0.11.3 (*)
│   │       └── rand_core v0.10.1
│   ├── openmls_traits v0.6.0 (*)
│   ├── p256 v0.13.2
│   │   ├── ecdsa v0.16.9
│   │   │   ├── der v0.7.10
│   │   │   │   ├── const-oid v0.9.6
│   │   │   │   ├── pem-rfc7468 v0.7.0
│   │   │   │   │   └── base64ct v1.8.3
│   │   │   │   └── zeroize v1.9.0 (*)
│   │   │   ├── digest v0.10.7 (*)
│   │   │   ├── elliptic-curve v0.13.8
│   │   │   │   ├── base16ct v0.2.0
│   │   │   │   ├── crypto-bigint v0.5.5
│   │   │   │   │   ├── generic-array v0.14.7 (*)
│   │   │   │   │   ├── rand_core v0.6.4 (*)
│   │   │   │   │   ├── subtle v2.6.1
│   │   │   │   │   └── zeroize v1.9.0 (*)
│   │   │   │   ├── digest v0.10.7 (*)
│   │   │   │   ├── ff v0.13.1
│   │   │   │   │   ├── rand_core v0.6.4 (*)
│   │   │   │   │   └── subtle v2.6.1
│   │   │   │   ├── generic-array v0.14.7 (*)
│   │   │   │   ├── group v0.13.0
│   │   │   │   │   ├── ff v0.13.1 (*)
│   │   │   │   │   ├── rand_core v0.6.4 (*)
│   │   │   │   │   └── subtle v2.6.1
│   │   │   │   ├── hkdf v0.12.4 (*)
│   │   │   │   ├── pem-rfc7468 v0.7.0 (*)
│   │   │   │   ├── pkcs8 v0.10.2
│   │   │   │   │   ├── der v0.7.10 (*)
│   │   │   │   │   └── spki v0.7.3
│   │   │   │   │       └── der v0.7.10 (*)
│   │   │   │   ├── rand_core v0.6.4 (*)
│   │   │   │   ├── sec1 v0.7.3
│   │   │   │   │   ├── base16ct v0.2.0
│   │   │   │   │   ├── der v0.7.10 (*)
│   │   │   │   │   ├── generic-array v0.14.7 (*)
│   │   │   │   │   ├── pkcs8 v0.10.2 (*)
│   │   │   │   │   ├── subtle v2.6.1
│   │   │   │   │   └── zeroize v1.9.0 (*)
│   │   │   │   ├── subtle v2.6.1
│   │   │   │   └── zeroize v1.9.0 (*)
│   │   │   ├── rfc6979 v0.4.0
│   │   │   │   ├── hmac v0.12.1 (*)
│   │   │   │   └── subtle v2.6.1
│   │   │   ├── signature v2.2.0 (*)
│   │   │   └── spki v0.7.3 (*)
│   │   ├── elliptic-curve v0.13.8 (*)
│   │   ├── primeorder v0.13.6
│   │   │   └── elliptic-curve v0.13.8 (*)
│   │   └── sha2 v0.10.9 (*)
│   ├── p384 v0.13.1
│   │   ├── ecdsa v0.16.9 (*)
│   │   ├── elliptic-curve v0.13.8 (*)
│   │   ├── primeorder v0.13.6 (*)
│   │   └── sha2 v0.10.9 (*)
│   ├── rand_core v0.6.4 (*)
│   ├── serde v1.0.229 (*)
│   ├── tls_codec v0.5.0 (*)
│   └── zeroize v1.9.0 (*)
├── openmls_rust_crypto v0.6.0
│   ├── aes-gcm v0.10.3
│   │   ├── aead v0.5.2 (*)
│   │   ├── aes v0.8.4
│   │   │   ├── cfg-if v1.0.4
│   │   │   ├── cipher v0.4.4 (*)
│   │   │   └── cpufeatures v0.2.17
│   │   ├── cipher v0.4.4 (*)
│   │   ├── ctr v0.9.2
│   │   │   └── cipher v0.4.4 (*)
│   │   ├── ghash v0.5.1
│   │   │   ├── opaque-debug v0.3.1
│   │   │   └── polyval v0.6.2
│   │   │       ├── cfg-if v1.0.4
│   │   │       ├── cpufeatures v0.2.17
│   │   │       ├── opaque-debug v0.3.1
│   │   │       └── universal-hash v0.5.1 (*)
│   │   └── subtle v2.6.1
│   ├── chacha20poly1305 v0.10.1 (*)
│   ├── ed25519-dalek v2.2.0 (*)
│   ├── hkdf v0.13.0
│   │   └── hmac v0.13.0
│   │       └── digest v0.11.3 (*)
│   ├── hmac v0.13.0 (*)
│   ├── hpke-rs v0.7.0
│   │   ├── hpke-rs-crypto v0.7.0
│   │   │   ├── rand v0.10.2
│   │   │   │   ├── getrandom v0.4.3 (*)
│   │   │   │   └── rand_core v0.10.1
│   │   │   └── zeroize v1.9.0 (*)
│   │   ├── libcrux-sha3 v0.0.10
│   │   │   ├── hax-lib v0.3.7
│   │   │   │   └── hax-lib-macros v0.3.7 (proc-macro)
│   │   │   │       ├── proc-macro2 v1.0.107 (*)
│   │   │   │       ├── quote v1.0.47 (*)
│   │   │   │       └── syn v2.0.119 (*)
│   │   │   ├── libcrux-intrinsics v0.0.8
│   │   │   │   └── hax-lib v0.3.7 (*)
│   │   │   ├── libcrux-platform v0.0.3
│   │   │   │   └── libc v0.2.189
│   │   │   └── libcrux-traits v0.0.8
│   │   │       ├── libcrux-secrets v0.0.6
│   │   │       │   └── hax-lib v0.3.7 (*)
│   │   │       └── rand v0.10.2 (*)
│   │   ├── log v0.4.34
│   │   ├── serde v1.0.229 (*)
│   │   ├── subtle v2.6.1
│   │   ├── tls_codec v0.5.0 (*)
│   │   └── zeroize v1.9.0 (*)
│   ├── hpke-rs-crypto v0.7.0 (*)
│   ├── hpke-rs-rust-crypto v0.7.0
│   │   ├── aes-gcm v0.10.3 (*)
│   │   ├── chacha20poly1305 v0.10.1 (*)
│   │   ├── hkdf v0.13.0 (*)
│   │   ├── hpke-rs-crypto v0.7.0 (*)
│   │   ├── k256 v0.13.4
│   │   │   ├── cfg-if v1.0.4
│   │   │   └── elliptic-curve v0.13.8 (*)
│   │   ├── ml-kem v0.3.2
│   │   │   ├── hybrid-array v0.4.14 (*)
│   │   │   ├── kem v0.3.0
│   │   │   │   ├── crypto-common v0.2.2 (*)
│   │   │   │   └── rand_core v0.10.1
│   │   │   ├── module-lattice v0.2.3 (*)
│   │   │   ├── rand_core v0.10.1
│   │   │   └── sha3 v0.11.0
│   │   │       ├── digest v0.11.3 (*)
│   │   │       └── keccak v0.2.2 (*)
│   │   ├── p256 v0.13.2 (*)
│   │   ├── p384 v0.13.1 (*)
│   │   ├── rand v0.10.2 (*)
│   │   ├── rand_chacha v0.10.0
│   │   │   ├── ppv-lite86 v0.2.21
│   │   │   │   └── zerocopy v0.8.56
│   │   │   └── rand_core v0.10.1
│   │   ├── rand_core v0.10.1
│   │   ├── sha2 v0.11.0
│   │   │   ├── cfg-if v1.0.4
│   │   │   ├── cpufeatures v0.3.1
│   │   │   └── digest v0.11.3 (*)
│   │   ├── subtle v2.6.1
│   │   ├── x-wing v0.1.0
│   │   │   ├── kem v0.3.0 (*)
│   │   │   ├── ml-kem v0.3.2 (*)
│   │   │   ├── sha3 v0.12.0
│   │   │   │   ├── digest v0.11.3 (*)
│   │   │   │   ├── keccak v0.2.2 (*)
│   │   │   │   └── sponge-cursor v0.1.0
│   │   │   ├── shake v0.1.0 (*)
│   │   │   └── x25519-dalek v3.0.0
│   │   │       ├── curve25519-dalek v5.0.0
│   │   │       │   ├── cfg-if v1.0.4
│   │   │       │   ├── cpufeatures v0.3.1
│   │   │       │   ├── curve25519-dalek-derive v0.1.1 (proc-macro) (*)
│   │   │       │   └── subtle v2.6.1
│   │   │       │   [build-dependencies]
│   │   │       │   └── rustc_version v0.4.1 (*)
│   │   │       └── rand_core v0.10.1
│   │   ├── x25519-dalek v2.0.1
│   │   │   ├── curve25519-dalek v4.1.3 (*)
│   │   │   ├── rand_core v0.6.4 (*)
│   │   │   └── zeroize v1.9.0 (*)
│   │   └── zeroize v1.9.0 (*)
│   ├── ml-dsa v0.1.1 (*)
│   ├── openmls_memory_storage v0.6.0
│   │   ├── log v0.4.34
│   │   ├── openmls_traits v0.6.0 (*)
│   │   ├── serde v1.0.229 (*)
│   │   ├── serde_json v1.0.151
│   │   │   ├── itoa v1.0.18
│   │   │   ├── memchr v2.8.3
│   │   │   ├── serde_core v1.0.229
│   │   │   └── zmij v1.0.23
│   │   └── thiserror v2.0.20 (*)
│   ├── openmls_traits v0.6.0 (*)
│   ├── p256 v0.13.2 (*)
│   ├── p384 v0.13.1 (*)
│   ├── rand_chacha v0.3.1
│   │   ├── ppv-lite86 v0.2.21 (*)
│   │   └── rand_core v0.6.4 (*)
│   ├── rand_core v0.6.4 (*)
│   ├── rand_core v0.10.1
│   ├── sha2 v0.11.0 (*)
│   ├── thiserror v2.0.20 (*)
│   └── tls_codec v0.5.0 (*)
├── openmls_traits v0.6.0 (*)
├── rand_core v0.6.4 (*)
├── sha2 v0.10.9 (*)
├── x25519-dalek v2.0.1 (*)
└── zeroize v1.9.0 (*)
