   Compiling tericrypt v0.1.0 (C:\Users\TeRiRi\Documents\GitHub\UnknownChat-mls-foundation\crates\tericrypt)
    Finished `test` profile [unoptimized + debuginfo] target(s) in 1.04s
     Running tests\mls_rejection.rs (C:/Users/TeRiRi/Documents/GitHub/TeriChat-fix-backend/target\debug\deps\mls_rejection-39d0d9a4302d2c38.exe)

running 5 tests
test poc_envelope_is_not_an_mls_message_and_never_downgrades ... ok
test malformed_trailing_tampered_and_replayed_messages_fail_closed ... FAILED
test malformed_packages_and_foreign_welcome_are_rejected ... ok
test oversized_plaintext_is_rejected_before_advancing_sender_state ... FAILED
test foreign_group_application_and_commit_do_not_change_target_epoch ... ok

failures:

---- malformed_trailing_tampered_and_replayed_messages_fail_closed stdout ----

thread 'malformed_trailing_tampered_and_replayed_messages_fail_closed' (27960) panicked at crates\tericrypt\tests\mls_rejection.rs:26:35:
called `Result::unwrap()` on an `Err` value: Operation
note: run with `RUST_BACKTRACE=1` environment variable to display a backtrace

---- oversized_plaintext_is_rejected_before_advancing_sender_state stdout ----

thread 'oversized_plaintext_is_rejected_before_advancing_sender_state' (8148) panicked at crates\tericrypt\tests\mls_rejection.rs:76:5:
assertion failed: alice.encrypt(&vec![0; 65_537]).is_err()


failures:
    malformed_trailing_tampered_and_replayed_messages_fail_closed
    oversized_plaintext_is_rejected_before_advancing_sender_state

test result: FAILED. 3 passed; 2 failed; 0 ignored; 0 measured; 0 filtered out; finished in 0.14s

error: test failed, to rerun pass `-p tericrypt --test mls_rejection`
