   Compiling syn v2.0.119
   Compiling syn v3.0.5
    Checking pem-rfc7468 v0.7.0
   Compiling generic-array v0.14.7
    Checking serde_bytes v0.11.19
    Checking module-lattice v0.2.3
   Compiling crossbeam-utils v0.8.23
    Checking crossbeam-queue v0.3.14
    Checking uuid v1.26.0
    Checking rand v0.8.8
    Checking password-hash v0.5.0
    Checking ml-kem v0.3.2
   Compiling block-buffer v0.10.4
   Compiling crypto-common v0.1.7
   Compiling digest v0.10.7
   Compiling hmac v0.12.1
   Compiling sha2 v0.10.9
   Compiling md-5 v0.10.6
   Compiling hkdf v0.12.4
   Compiling synstructure v0.13.2
   Compiling zeroize_derive v1.5.0
   Compiling zerofrom-derive v0.1.7
   Compiling yoke-derive v0.8.2
   Compiling tracing-attributes v0.1.31
   Compiling curve25519-dalek-derive v0.1.1
   Compiling tls_codec_derive v0.5.0
   Compiling hax-lib-macros v0.3.7
   Compiling serde_derive v1.0.229
   Compiling zerovec-derive v0.11.6
   Compiling displaydoc v0.2.7
   Compiling thiserror-impl v2.0.20
   Compiling tokio-macros v2.7.2
    Checking zeroize v1.9.0
    Checking curve25519-dalek v5.0.0
   Compiling futures-macro v0.3.34
    Checking hax-lib v0.3.7
   Compiling zerofrom v0.1.8
    Checking tracing v0.1.44
    Checking thiserror v2.0.20
    Checking libcrux-secrets v0.0.6
    Checking futures-util v0.3.34
   Compiling yoke v0.8.3
    Checking libcrux-traits v0.0.8
    Checking libcrux-intrinsics v0.0.8
   Compiling openmls_serialization_helpers v0.1.0
    Checking x25519-dalek v3.0.0
    Checking libcrux-sha3 v0.0.10
    Checking x-wing v0.1.0
    Checking axum-core v0.5.6
    Checking serde v1.0.229
   Compiling zerovec v0.11.8
   Compiling zerotrie v0.2.5
    Checking smallvec v1.16.0
    Checking either v1.18.0
    Checking chrono v0.4.45
    Checking serde_urlencoded v0.7.1
    Checking parking_lot_core v0.9.12
    Checking tracing-subscriber v0.3.23
    Checking rayon v1.12.0
    Checking parking_lot v0.12.5
   Compiling tinystr v0.8.4
   Compiling potential_utf v0.1.6
   Compiling icu_collections v2.3.0
   Compiling icu_locale_core v2.3.0
    Checking tokio v1.53.1
    Checking futures-intrusive v0.5.0
    Checking icu_provider v2.3.1
    Checking icu_normalizer v2.3.0
    Checking icu_properties v2.3.0
    Checking der v0.7.10
    Checking tls_codec v0.5.0
    Checking der v0.8.2
    Checking hpke-rs-crypto v0.7.0
    Checking crypto-bigint v0.5.5
    Checking inout v0.1.4
    Checking universal-hash v0.5.1
    Checking aead v0.5.2
    Checking cipher v0.4.4
    Checking polyval v0.6.2
    Checking poly1305 v0.8.0
    Checking signature v2.2.0
    Checking rfc6979 v0.4.0
    Checking curve25519-dalek v4.1.3
    Checking ghash v0.5.1
    Checking ed25519 v2.2.3
    Checking chacha20 v0.9.1
    Checking ctr v0.9.2
    Checking aes v0.8.4
    Checking spki v0.7.3
    Checking sha1 v0.10.7
    Checking openmls_traits v0.6.0
    Checking spki v0.8.0
    Checking hpke-rs v0.7.0
    Checking chacha20poly1305 v0.10.1
    Checking tungstenite v0.29.0
    Checking pkcs8 v0.10.2
    Checking pkcs8 v0.11.0
    Checking blake2 v0.10.6
    Checking aes-gcm v0.10.3
    Checking tungstenite v0.26.2
    Checking sec1 v0.7.3
    Checking openmls_memory_storage v0.6.0
    Checking openmls v0.9.0
    Checking ml-dsa v0.1.1
    Checking ed25519-dalek v2.2.0
    Checking x25519-dalek v2.0.1
    Checking argon2 v0.5.3
    Checking elliptic-curve v0.13.8
    Checking idna_adapter v1.2.2
    Checking idna v1.1.0
    Checking primeorder v0.13.6
    Checking ecdsa v0.16.9
    Checking k256 v0.13.4
    Checking url v2.5.8
    Checking tokio-stream v0.1.19
    Checking hyper v1.11.1
    Checking tokio-tungstenite v0.29.0
    Checking tower v0.5.3
    Checking tokio-tungstenite v0.26.2
    Checking p384 v0.13.1
    Checking p256 v0.13.2
   Compiling sqlx-core v0.8.6
    Checking hyper-util v0.1.20
    Checking hpke-rs-rust-crypto v0.7.0
    Checking openmls_basic_credential v0.6.0
    Checking axum v0.8.9
    Checking openmls_rust_crypto v0.6.0
    Checking sqlx-postgres v0.8.6
    Checking tericrypt v0.1.0 (C:\Users\TeRiRi\Documents\GitHub\UnknownChat-mls-foundation\crates\tericrypt)
   Compiling sqlx-macros-core v0.8.6
   Compiling sqlx-macros v0.8.6
    Checking sqlx v0.8.6
    Checking terichat-server v0.1.0 (C:\Users\TeRiRi\Documents\GitHub\UnknownChat-mls-foundation\apps\server)
    Finished `dev` profile [unoptimized + debuginfo] target(s) in 43.65s
