✔ B reconnect successful pages use exact cursors and response sizes (1.3657ms)
✔ reject wrong client (0.465ms)
✔ reject wrong phase (0.1159ms)
✔ reject unsuccessful response (0.1018ms)
✔ reject wrong first cursor (0.8014ms)
✔ reject wrong page size (0.2746ms)
✔ reject reversed page progression (0.2497ms)
✔ complete campaign accepted (0.1842ms)
✖ full acceptance rejects native backend probe despite legacy PASS/mode (0.2444ms)
✖ full acceptance rejects UI probe despite legacy PASS (0.178ms)
✖ full acceptance rejects probe arguments with forged completion (0.1051ms)
✖ full acceptance rejects missing completion (0.1095ms)
✖ full acceptance rejects missing steps (0.092ms)
✖ full acceptance rejects wrong-client full report (0.0857ms)
✖ full acceptance rejects wrong-phase full report (0.1047ms)
✖ full acceptance rejects cleanup failure (0.0995ms)
ℹ tests 16
ℹ suites 0
ℹ pass 8
ℹ fail 8
ℹ cancelled 0
ℹ skipped 0
ℹ todo 0
ℹ duration_ms 73.9505

✖ failing tests:

test at acceptance\report.test.mjs:44:4
✖ full acceptance rejects native backend probe despite legacy PASS/mode (0.2444ms)
  AssertionError [ERR_ASSERTION]: Missing expected exception.
      at TestContext.<anonymous> (file:///C:/Users/TeRiRi/Documents/GitHub/UnknownChat-client-acceptance/apps/desktop/acceptance/report.test.mjs:44:57)
      at Test.runInAsyncScope (node:async_hooks:227:14)
      at Test.run (node:internal/test_runner/test:1382:25)
      at Test.processPendingSubtests (node:internal/test_runner/test:960:18)
      at Test.postRun (node:internal/test_runner/test:1522:19)
      at Test.run (node:internal/test_runner/test:1447:12)
      at async Test.processPendingSubtests (node:internal/test_runner/test:960:7) {
    generatedMessage: false,
    code: 'ERR_ASSERTION',
    actual: undefined,
    expected: undefined,
    operator: 'throws',
    diff: 'simple'
  }

test at acceptance\report.test.mjs:44:4
✖ full acceptance rejects UI probe despite legacy PASS (0.178ms)
  AssertionError [ERR_ASSERTION]: Missing expected exception.
      at TestContext.<anonymous> (file:///C:/Users/TeRiRi/Documents/GitHub/UnknownChat-client-acceptance/apps/desktop/acceptance/report.test.mjs:44:57)
      at Test.runInAsyncScope (node:async_hooks:227:14)
      at Test.run (node:internal/test_runner/test:1382:25)
      at Test.processPendingSubtests (node:internal/test_runner/test:960:18)
      at Test.postRun (node:internal/test_runner/test:1522:19)
      at Test.run (node:internal/test_runner/test:1447:12)
      at async Test.processPendingSubtests (node:internal/test_runner/test:960:7) {
    generatedMessage: false,
    code: 'ERR_ASSERTION',
    actual: undefined,
    expected: undefined,
    operator: 'throws',
    diff: 'simple'
  }

test at acceptance\report.test.mjs:44:4
✖ full acceptance rejects probe arguments with forged completion (0.1051ms)
  AssertionError [ERR_ASSERTION]: Missing expected exception.
      at TestContext.<anonymous> (file:///C:/Users/TeRiRi/Documents/GitHub/UnknownChat-client-acceptance/apps/desktop/acceptance/report.test.mjs:44:57)
      at Test.runInAsyncScope (node:async_hooks:227:14)
      at Test.run (node:internal/test_runner/test:1382:25)
      at Test.processPendingSubtests (node:internal/test_runner/test:960:18)
      at Test.postRun (node:internal/test_runner/test:1522:19)
      at Test.run (node:internal/test_runner/test:1447:12)
      at async Test.processPendingSubtests (node:internal/test_runner/test:960:7) {
    generatedMessage: false,
    code: 'ERR_ASSERTION',
    actual: undefined,
    expected: undefined,
    operator: 'throws',
    diff: 'simple'
  }

test at acceptance\report.test.mjs:44:4
✖ full acceptance rejects missing completion (0.1095ms)
  AssertionError [ERR_ASSERTION]: Missing expected exception.
      at TestContext.<anonymous> (file:///C:/Users/TeRiRi/Documents/GitHub/UnknownChat-client-acceptance/apps/desktop/acceptance/report.test.mjs:44:57)
      at Test.runInAsyncScope (node:async_hooks:227:14)
      at Test.run (node:internal/test_runner/test:1382:25)
      at Test.processPendingSubtests (node:internal/test_runner/test:960:18)
      at Test.postRun (node:internal/test_runner/test:1522:19)
      at Test.run (node:internal/test_runner/test:1447:12)
      at async Test.processPendingSubtests (node:internal/test_runner/test:960:7) {
    generatedMessage: false,
    code: 'ERR_ASSERTION',
    actual: undefined,
    expected: undefined,
    operator: 'throws',
    diff: 'simple'
  }

test at acceptance\report.test.mjs:44:4
✖ full acceptance rejects missing steps (0.092ms)
  AssertionError [ERR_ASSERTION]: Missing expected exception.
      at TestContext.<anonymous> (file:///C:/Users/TeRiRi/Documents/GitHub/UnknownChat-client-acceptance/apps/desktop/acceptance/report.test.mjs:44:57)
      at Test.runInAsyncScope (node:async_hooks:227:14)
      at Test.run (node:internal/test_runner/test:1382:25)
      at Test.processPendingSubtests (node:internal/test_runner/test:960:18)
      at Test.postRun (node:internal/test_runner/test:1522:19)
      at Test.run (node:internal/test_runner/test:1447:12)
      at async Test.processPendingSubtests (node:internal/test_runner/test:960:7) {
    generatedMessage: false,
    code: 'ERR_ASSERTION',
    actual: undefined,
    expected: undefined,
    operator: 'throws',
    diff: 'simple'
  }

test at acceptance\report.test.mjs:44:4
✖ full acceptance rejects wrong-client full report (0.0857ms)
  AssertionError [ERR_ASSERTION]: Missing expected exception.
      at TestContext.<anonymous> (file:///C:/Users/TeRiRi/Documents/GitHub/UnknownChat-client-acceptance/apps/desktop/acceptance/report.test.mjs:44:57)
      at Test.runInAsyncScope (node:async_hooks:227:14)
      at Test.run (node:internal/test_runner/test:1382:25)
      at Test.processPendingSubtests (node:internal/test_runner/test:960:18)
      at Test.postRun (node:internal/test_runner/test:1522:19)
      at Test.run (node:internal/test_runner/test:1447:12)
      at async Test.processPendingSubtests (node:internal/test_runner/test:960:7) {
    generatedMessage: false,
    code: 'ERR_ASSERTION',
    actual: undefined,
    expected: undefined,
    operator: 'throws',
    diff: 'simple'
  }

test at acceptance\report.test.mjs:44:4
✖ full acceptance rejects wrong-phase full report (0.1047ms)
  AssertionError [ERR_ASSERTION]: Missing expected exception.
      at TestContext.<anonymous> (file:///C:/Users/TeRiRi/Documents/GitHub/UnknownChat-client-acceptance/apps/desktop/acceptance/report.test.mjs:44:57)
      at Test.runInAsyncScope (node:async_hooks:227:14)
      at Test.run (node:internal/test_runner/test:1382:25)
      at Test.processPendingSubtests (node:internal/test_runner/test:960:18)
      at Test.postRun (node:internal/test_runner/test:1522:19)
      at Test.run (node:internal/test_runner/test:1447:12)
      at async Test.processPendingSubtests (node:internal/test_runner/test:960:7) {
    generatedMessage: false,
    code: 'ERR_ASSERTION',
    actual: undefined,
    expected: undefined,
    operator: 'throws',
    diff: 'simple'
  }

test at acceptance\report.test.mjs:44:4
✖ full acceptance rejects cleanup failure (0.0995ms)
  AssertionError [ERR_ASSERTION]: Missing expected exception.
      at TestContext.<anonymous> (file:///C:/Users/TeRiRi/Documents/GitHub/UnknownChat-client-acceptance/apps/desktop/acceptance/report.test.mjs:44:57)
      at Test.runInAsyncScope (node:async_hooks:227:14)
      at Test.run (node:internal/test_runner/test:1382:25)
      at Test.processPendingSubtests (node:internal/test_runner/test:960:18)
      at Test.postRun (node:internal/test_runner/test:1522:19)
      at Test.run (node:internal/test_runner/test:1447:12)
      at async Test.processPendingSubtests (node:internal/test_runner/test:960:7) {
    generatedMessage: false,
    code: 'ERR_ASSERTION',
    actual: undefined,
    expected: undefined,
    operator: 'throws',
    diff: 'simple'
  }
