npm notice run terichat-desktop@0.1.0 test
npm notice run vitest run src/App.gateway.test.tsx
[33m(!) Your Vite config uses features that are unsupported by `configLoader: 'native'`, which is planned to become the default in a future major version of Vite:
  - ESM syntax in a file loaded as CommonJS (vite.config.ts:1:1). Use a `.mjs` extension or set `"type": "module"` in the closest package.json
Set `VITE_CONFIG_NATIVE_IGNORE_WARNING=true` to suppress this warning.[39m

 RUN  v5.0.0 C:/Users/TeRiRi/Documents/GitHub/TeriChat-docs-status/apps/desktop

(node:26836) [MODULE_TYPELESS_PACKAGE_JSON] Warning: Module type of file:///C:/Users/TeRiRi/Documents/GitHub/TeriChat-docs-status/apps/desktop/postcss.config.js?t=1788848755421 is not specified and it doesn't parse as CommonJS.
Reparsing as ES module because module syntax was detected. This incurs a performance overhead.
To eliminate this warning, add "type": "module" to \\?\C:\Users\TeRiRi\Documents\GitHub\TeriChat-docs-status\apps\desktop\package.json.
(Use `node --trace-warnings ...` to show where the warning was created)
 ❯ src/App.gateway.test.tsx (2 tests | 2 failed) 84ms
   × real gateway duplicate retries history after failure and renders recovery exactly once 68ms
   × real gateway duplicate retries history while pending and renders recovery exactly once 15ms

⎯⎯⎯⎯⎯⎯⎯ Failed Tests 2 ⎯⎯⎯⎯⎯⎯⎯

 FAIL  src/App.gateway.test.tsx > real gateway duplicate retries history after failure and renders recovery exactly once
 FAIL  src/App.gateway.test.tsx > real gateway duplicate retries history while pending and renders recovery exactly once
AssertionError: expected "history" to be called 2 times, but got 1 times
 ❯ src/App.gateway.test.tsx:97:21
     95|       await flush(() => socket.event(1));
     96|     }
     97|     expect(history).toHaveBeenCalledTimes(2);
       |                     ^
     98|     expect(history.mock.calls).toEqual([['dm', 0, 100], ['dm', 0, 100]…
     99|     expect([...host.querySelectorAll('main p.whitespace-pre-wrap')].ma…

⎯⎯⎯⎯⎯⎯⎯⎯⎯⎯⎯⎯⎯⎯⎯⎯⎯⎯⎯⎯⎯⎯⎯⎯[1/2]⎯


 Test Files  1 failed (1)
      Tests  2 failed (2)
   Start at  09:25:55
   Duration  1.19s (environment 74%, transform 13%, tests 8%, import 5%)
